proxmox_debian:
    - elk.home.loc:
        ip_address: SetYouIP
        password: SetYouPassword

        minion:
            mine_functions:
                network.ip_addrs:
                    interface: venet0

    - ntp.home.loc:
        ip_address: SetYouIP
        password: SetYouPassword

        minion:
            mine_functions:
                network.ip_addrs:
                    interface: venet0

    - dns.home.loc:
        ip_address: SetYouIP
        password: SetYouPassword

        minion:
            mine_functions:
                network.ip_addrs:
                    interface: venet0

    - influxdb.home.loc:
        ip_address: SetYouIP
        password: SetYouPassword

        minion:
            mine_functions:
                network.ip_addrs:
                    interface: venet0

    - test.home.loc:
        ip_address: SetYouIP
        password: SetYouPassword

        minion:
            mine_functions:
                network.ip_addrs:
                    interface: venet0


